// Vitest Snapshot v1, https://vitest.dev/guide/snapshot.html

exports[`lib/schema template emitters > creates institutional template schema bundle 1`] = `
[
  {
    "@context": "https://schema.org",
    "@type": "WebPage",
    "description": "Company profile.",
    "isPartOf": {
      "@type": "WebSite",
      "name": "BRIDS",
      "url": "http://localhost:3000",
    },
    "name": "About",
    "url": "http://localhost:3000/about",
  },
  {
    "@context": "https://schema.org",
    "@type": "BreadcrumbList",
    "itemListElement": [
      {
        "@type": "ListItem",
        "item": "http://localhost:3000/",
        "name": "Home",
        "position": 1,
      },
      {
        "@type": "ListItem",
        "item": "http://localhost:3000/about",
        "name": "About",
        "position": 2,
      },
    ],
  },
]
`;

exports[`lib/schema template emitters > creates knowledge/article/faq/definition/resource schema bundles 1`] = `
{
  "articleSchemas": [
    {
      "@context": "https://schema.org",
      "@type": "TechArticle",
      "author": {
        "@type": "Organization",
        "name": "BRIDS",
      },
      "description": "Technical foundations.",
      "headline": "Tokenization Fundamentals",
      "proficiencyLevel": "intermediate",
      "publisher": {
        "@type": "Organization",
        "name": "BRIDS",
        "url": "http://localhost:3000",
      },
      "url": "http://localhost:3000/knowledge/articles/tokenization-fundamentals",
    },
    {
      "@context": "https://schema.org",
      "@type": "BreadcrumbList",
      "itemListElement": [
        {
          "@type": "ListItem",
          "item": "http://localhost:3000/",
          "name": "Home",
          "position": 1,
        },
        {
          "@type": "ListItem",
          "item": "http://localhost:3000/knowledge",
          "name": "Knowledge",
          "position": 2,
        },
        {
          "@type": "ListItem",
          "item": "http://localhost:3000/knowledge/articles/tokenization-fundamentals",
          "name": "Tokenization Fundamentals",
          "position": 3,
        },
      ],
    },
  ],
  "definitionSchemas": [
    {
      "@context": "https://schema.org",
      "@type": "DefinedTerm",
      "description": "Net periodic return.",
      "inDefinedTermSet": "http://localhost:3000/knowledge/definitions",
      "name": "Yield",
      "url": "http://localhost:3000/knowledge/definitions/yield",
    },
    {
      "@context": "https://schema.org",
      "@type": "BreadcrumbList",
      "itemListElement": [
        {
          "@type": "ListItem",
          "item": "http://localhost:3000/",
          "name": "Home",
          "position": 1,
        },
        {
          "@type": "ListItem",
          "item": "http://localhost:3000/knowledge",
          "name": "Knowledge",
          "position": 2,
        },
        {
          "@type": "ListItem",
          "item": "http://localhost:3000/knowledge/definitions/yield",
          "name": "Yield",
          "position": 3,
        },
      ],
    },
  ],
  "faqSchemas": [
    {
      "@context": "https://schema.org",
      "@type": "FAQPage",
      "mainEntity": [
        {
          "@type": "Question",
          "acceptedAnswer": {
            "@type": "Answer",
            "text": "A1",
          },
          "name": "Q1",
        },
      ],
      "name": "FAQ",
      "url": "http://localhost:3000/knowledge/faq",
    },
    {
      "@context": "https://schema.org",
      "@type": "BreadcrumbList",
      "itemListElement": [
        {
          "@type": "ListItem",
          "item": "http://localhost:3000/",
          "name": "Home",
          "position": 1,
        },
        {
          "@type": "ListItem",
          "item": "http://localhost:3000/knowledge",
          "name": "Knowledge",
          "position": 2,
        },
        {
          "@type": "ListItem",
          "item": "http://localhost:3000/knowledge/faq",
          "name": "FAQ",
          "position": 3,
        },
      ],
    },
  ],
  "knowledgeHubSchemas": [
    {
      "@context": "https://schema.org",
      "@type": "WebPage",
      "description": "Hub summary",
      "isPartOf": {
        "@type": "WebSite",
        "name": "BRIDS",
        "url": "http://localhost:3000",
      },
      "name": "Knowledge",
      "url": "http://localhost:3000/knowledge",
    },
    {
      "@context": "https://schema.org",
      "@type": "BreadcrumbList",
      "itemListElement": [
        {
          "@type": "ListItem",
          "item": "http://localhost:3000/",
          "name": "Home",
          "position": 1,
        },
        {
          "@type": "ListItem",
          "item": "http://localhost:3000/knowledge",
          "name": "Knowledge",
          "position": 2,
        },
      ],
    },
  ],
  "resourceSchemas": [
    {
      "@context": "https://schema.org",
      "@type": "Article",
      "author": {
        "@type": "Organization",
        "name": "BRIDS",
      },
      "description": "Release summary",
      "headline": "Release Notes",
      "publisher": {
        "@type": "Organization",
        "name": "BRIDS",
        "url": "http://localhost:3000",
      },
      "url": "http://localhost:3000/resources/release-notes",
    },
    {
      "@context": "https://schema.org",
      "@type": "BreadcrumbList",
      "itemListElement": [
        {
          "@type": "ListItem",
          "item": "http://localhost:3000/",
          "name": "Home",
          "position": 1,
        },
        {
          "@type": "ListItem",
          "item": "http://localhost:3000/resources",
          "name": "Resources",
          "position": 2,
        },
        {
          "@type": "ListItem",
          "item": "http://localhost:3000/resources/release-notes",
          "name": "Release Notes",
          "position": 3,
        },
      ],
    },
  ],
}
`;
